// Jest Snapshot v1, https://goo.gl/fbAQLP

exports[`renders add strategy form with a list of available strategies 1`] = `
<div
  style={
    Object {
      "display": "inline-block",
      "height": "25px",
      "position": "relative",
      "width": "25px",
    }
  }
>
  <react-mdl-IconButton
    accent={true}
    id="strategies-add"
    name="add"
    onClick={[Function]}
    raised={true}
    title="Add Strategy"
  />
  <react-mdl-Menu
    align="right"
    ripple={true}
    style={
      Object {
        "backgroundColor": "rgb(247, 248, 255)",
        "maxHeight": "300px",
        "overflowY": "auto",
      }
    }
    target="strategies-add"
    valign="bottom"
  >
    <react-mdl-MenuItem
      disabled={true}
    >
      Add Strategy:
    </react-mdl-MenuItem>
    <react-mdl-MenuItem
      key="default"
      onClick={[Function]}
      title="Default on/off strategy."
    >
      default
    </react-mdl-MenuItem>
  </react-mdl-Menu>
</div>
`;
